// Vitest Snapshot v1, https://vitest.dev/guide/snapshot.html

exports[`Topology export snapshot > matches JSON output format 1`] = `
"[
  {
    "type": "LinkEth",
    "id": "linkEth0",
    "dependencies": [],
    "config": {}
  }
]"
`;

exports[`Topology export snapshot > matches snapshot for a typical 3-node graph 1`] = `
[
  {
    "config": {},
    "dependencies": [],
    "id": "linkEth0",
    "type": "LinkEth",
  },
  {
    "config": {
      "linkReliability": 70,
    },
    "dependencies": [],
    "id": "linkGsm0",
    "type": "LinkGsm",
  },
  {
    "config": {
      "content": "Diff says hello.",
      "count": 3,
    },
    "dependencies": [
      "linkEth0",
      "linkGsm0",
    ],
    "id": "messageSource0",
    "type": "MessageSource",
  },
]
`;

exports[`Topology export snapshot > matches snapshot for isolated nodes 1`] = `
[
  {
    "config": {
      "intervalMs": 1000,
    },
    "dependencies": [],
    "id": "timer0",
    "type": "Timer",
  },
  {
    "config": {
      "sampleRate": 100,
    },
    "dependencies": [],
    "id": "sensor0",
    "type": "Sensor",
  },
]
`;
